2025-07-09T00:01:02.749+05:30  INFO 20568 --- [TodoApplication] [main] c.m.TodoApplication.TodoApplication      : Starting TodoApplication using Java 24.0.1 with PID 20568 (C:\Users\satal\OneDrive\Desktop\myFolder\MyTodo\todo-server-application\target\classes started by satal in C:\Users\satal\OneDrive\Desktop\myFolder\MyTodo\todo-server-application)
2025-07-09T00:01:02.760+05:30 DEBUG 20568 --- [TodoApplication] [main] c.m.TodoApplication.TodoApplication      : Running with Spring Boot v3.5.3, Spring v6.2.8
2025-07-09T00:01:02.762+05:30  INFO 20568 --- [TodoApplication] [main] c.m.TodoApplication.TodoApplication      : No active profile set, falling back to 1 default profile: "default"
2025-07-09T00:01:04.502+05:30  INFO 20568 --- [TodoApplication] [main] .s.d.r.c.RepositoryConfigurationDelegate : Bootstrapping Spring Data JPA repositories in DEFAULT mode.
2025-07-09T00:01:04.684+05:30  INFO 20568 --- [TodoApplication] [main] .s.d.r.c.RepositoryConfigurationDelegate : Finished Spring Data repository scanning in 156 ms. Found 2 JPA repository interfaces.
2025-07-09T00:01:05.841+05:30  INFO 20568 --- [TodoApplication] [main] o.s.b.w.embedded.tomcat.TomcatWebServer  : Tomcat initialized with port 8080 (http)
2025-07-09T00:01:05.859+05:30  INFO 20568 --- [TodoApplication] [main] o.apache.catalina.core.StandardService   : Starting service [Tomcat]
2025-07-09T00:01:05.859+05:30  INFO 20568 --- [TodoApplication] [main] o.apache.catalina.core.StandardEngine    : Starting Servlet engine: [Apache Tomcat/10.1.42]
2025-07-09T00:01:05.936+05:30  INFO 20568 --- [TodoApplication] [main] o.a.c.c.C.[Tomcat].[localhost].[/]       : Initializing Spring embedded WebApplicationContext
2025-07-09T00:01:05.936+05:30  INFO 20568 --- [TodoApplication] [main] w.s.c.ServletWebServerApplicationContext : Root WebApplicationContext: initialization completed in 3068 ms
2025-07-09T00:01:06.241+05:30  INFO 20568 --- [TodoApplication] [main] o.hibernate.jpa.internal.util.LogHelper  : HHH000204: Processing PersistenceUnitInfo [name: default]
2025-07-09T00:01:06.357+05:30  INFO 20568 --- [TodoApplication] [main] org.hibernate.Version                    : HHH000412: Hibernate ORM core version 6.6.18.Final
2025-07-09T00:01:06.425+05:30  INFO 20568 --- [TodoApplication] [main] o.h.c.internal.RegionFactoryInitiator    : HHH000026: Second-level cache disabled
2025-07-09T00:01:06.951+05:30  INFO 20568 --- [TodoApplication] [main] o.s.o.j.p.SpringPersistenceUnitInfo      : No LoadTimeWeaver setup: ignoring JPA class transformer
2025-07-09T00:01:07.012+05:30  INFO 20568 --- [TodoApplication] [main] com.zaxxer.hikari.HikariDataSource       : HikariPool-1 - Starting...
2025-07-09T00:01:07.641+05:30  INFO 20568 --- [TodoApplication] [main] com.zaxxer.hikari.pool.HikariPool        : HikariPool-1 - Added connection com.mysql.cj.jdbc.ConnectionImpl@27438750
2025-07-09T00:01:07.643+05:30  INFO 20568 --- [TodoApplication] [main] com.zaxxer.hikari.HikariDataSource       : HikariPool-1 - Start completed.
2025-07-09T00:01:07.738+05:30  WARN 20568 --- [TodoApplication] [main] org.hibernate.orm.deprecation            : HHH90000025: MySQL8Dialect does not need to be specified explicitly using 'hibernate.dialect' (remove the property setting and it will be selected by default)
2025-07-09T00:01:07.739+05:30  WARN 20568 --- [TodoApplication] [main] org.hibernate.orm.deprecation            : HHH90000026: MySQL8Dialect has been deprecated; use org.hibernate.dialect.MySQLDialect instead
2025-07-09T00:01:07.764+05:30  INFO 20568 --- [TodoApplication] [main] org.hibernate.orm.connections.pooling    : HHH10001005: Database info:
	Database JDBC URL [Connecting through datasource 'HikariDataSource (HikariPool-1)']
	Database driver: undefined/unknown
	Database version: 8.0
	Autocommit mode: undefined/unknown
	Isolation level: undefined/unknown
	Minimum pool size: undefined/unknown
	Maximum pool size: undefined/unknown
2025-07-09T00:01:08.876+05:30  INFO 20568 --- [TodoApplication] [main] o.h.e.t.j.p.i.JtaPlatformInitiator       : HHH000489: No JTA platform available (set 'hibernate.transaction.jta.platform' to enable JTA platform integration)
2025-07-09T00:01:08.984+05:30  INFO 20568 --- [TodoApplication] [main] j.LocalContainerEntityManagerFactoryBean : Initialized JPA EntityManagerFactory for persistence unit 'default'
2025-07-09T00:01:09.336+05:30  WARN 20568 --- [TodoApplication] [main] JpaBaseConfiguration$JpaWebConfiguration : spring.jpa.open-in-view is enabled by default. Therefore, database queries may be performed during view rendering. Explicitly configure spring.jpa.open-in-view to disable this warning
2025-07-09T00:01:09.907+05:30  INFO 20568 --- [TodoApplication] [main] o.s.b.w.embedded.tomcat.TomcatWebServer  : Tomcat started on port 8080 (http) with context path '/'
2025-07-09T00:01:09.917+05:30  INFO 20568 --- [TodoApplication] [main] c.m.TodoApplication.TodoApplication      : Started TodoApplication in 7.911 seconds (process running for 9.265)
2025-07-09T00:01:15.903+05:30  INFO 20568 --- [TodoApplication] [http-nio-8080-exec-1] o.a.c.c.C.[Tomcat].[localhost].[/]       : Initializing Spring DispatcherServlet 'dispatcherServlet'
2025-07-09T00:01:15.903+05:30  INFO 20568 --- [TodoApplication] [http-nio-8080-exec-1] o.s.web.servlet.DispatcherServlet        : Initializing Servlet 'dispatcherServlet'
2025-07-09T00:01:15.904+05:30  INFO 20568 --- [TodoApplication] [http-nio-8080-exec-1] o.s.web.servlet.DispatcherServlet        : Completed initialization in 1 ms
2025-07-09T00:01:16.115+05:30 DEBUG 20568 --- [TodoApplication] [http-nio-8080-exec-1] org.hibernate.SQL                        : select ue1_0.id,ue1_0.password,ue1_0.user_name from user ue1_0
2025-07-09T00:01:16.163+05:30  INFO 20568 --- [TodoApplication] [http-nio-8080-exec-1] c.m.TodoApplication.service.UserService  : Data fetched successfully
2025-07-09T00:01:16.229+05:30 DEBUG 20568 --- [TodoApplication] [http-nio-8080-exec-1] org.hibernate.SQL                        : select t1_0.user_id,t1_0.id,t1_0.description,t1_0.status from todo t1_0 where t1_0.user_id=?
2025-07-09T00:01:16.239+05:30 DEBUG 20568 --- [TodoApplication] [http-nio-8080-exec-1] org.hibernate.SQL                        : select t1_0.user_id,t1_0.id,t1_0.description,t1_0.status from todo t1_0 where t1_0.user_id=?
2025-07-09T00:01:16.241+05:30 DEBUG 20568 --- [TodoApplication] [http-nio-8080-exec-1] org.hibernate.SQL                        : select t1_0.user_id,t1_0.id,t1_0.description,t1_0.status from todo t1_0 where t1_0.user_id=?
2025-07-09T00:01:16.242+05:30 DEBUG 20568 --- [TodoApplication] [http-nio-8080-exec-1] org.hibernate.SQL                        : select t1_0.user_id,t1_0.id,t1_0.description,t1_0.status from todo t1_0 where t1_0.user_id=?
2025-07-09T00:01:16.243+05:30 DEBUG 20568 --- [TodoApplication] [http-nio-8080-exec-1] org.hibernate.SQL                        : select t1_0.user_id,t1_0.id,t1_0.description,t1_0.status from todo t1_0 where t1_0.user_id=?
2025-07-09T00:01:16.244+05:30 DEBUG 20568 --- [TodoApplication] [http-nio-8080-exec-1] org.hibernate.SQL                        : select t1_0.user_id,t1_0.id,t1_0.description,t1_0.status from todo t1_0 where t1_0.user_id=?
2025-07-09T00:01:16.245+05:30 DEBUG 20568 --- [TodoApplication] [http-nio-8080-exec-1] org.hibernate.SQL                        : select t1_0.user_id,t1_0.id,t1_0.description,t1_0.status from todo t1_0 where t1_0.user_id=?
2025-07-09T00:01:31.756+05:30 DEBUG 20568 --- [TodoApplication] [http-nio-8080-exec-3] org.hibernate.SQL                        : select ue1_0.id,ue1_0.password,ue1_0.user_name from user ue1_0
2025-07-09T00:01:31.762+05:30  INFO 20568 --- [TodoApplication] [http-nio-8080-exec-3] c.m.TodoApplication.service.UserService  : Data fetched successfully
2025-07-09T00:01:31.763+05:30 DEBUG 20568 --- [TodoApplication] [http-nio-8080-exec-3] org.hibernate.SQL                        : select t1_0.user_id,t1_0.id,t1_0.description,t1_0.status from todo t1_0 where t1_0.user_id=?
2025-07-09T00:01:31.767+05:30 DEBUG 20568 --- [TodoApplication] [http-nio-8080-exec-3] org.hibernate.SQL                        : select t1_0.user_id,t1_0.id,t1_0.description,t1_0.status from todo t1_0 where t1_0.user_id=?
2025-07-09T00:01:31.770+05:30 DEBUG 20568 --- [TodoApplication] [http-nio-8080-exec-3] org.hibernate.SQL                        : select t1_0.user_id,t1_0.id,t1_0.description,t1_0.status from todo t1_0 where t1_0.user_id=?
2025-07-09T00:01:31.773+05:30 DEBUG 20568 --- [TodoApplication] [http-nio-8080-exec-3] org.hibernate.SQL                        : select t1_0.user_id,t1_0.id,t1_0.description,t1_0.status from todo t1_0 where t1_0.user_id=?
2025-07-09T00:01:31.776+05:30 DEBUG 20568 --- [TodoApplication] [http-nio-8080-exec-3] org.hibernate.SQL                        : select t1_0.user_id,t1_0.id,t1_0.description,t1_0.status from todo t1_0 where t1_0.user_id=?
2025-07-09T00:01:31.778+05:30 DEBUG 20568 --- [TodoApplication] [http-nio-8080-exec-3] org.hibernate.SQL                        : select t1_0.user_id,t1_0.id,t1_0.description,t1_0.status from todo t1_0 where t1_0.user_id=?
2025-07-09T00:01:31.779+05:30 DEBUG 20568 --- [TodoApplication] [http-nio-8080-exec-3] org.hibernate.SQL                        : select t1_0.user_id,t1_0.id,t1_0.description,t1_0.status from todo t1_0 where t1_0.user_id=?
2025-07-09T00:02:07.685+05:30 DEBUG 20568 --- [TodoApplication] [http-nio-8080-exec-2] org.hibernate.SQL                        : select ue1_0.id,ue1_0.password,ue1_0.user_name from user ue1_0
2025-07-09T00:02:07.688+05:30  INFO 20568 --- [TodoApplication] [http-nio-8080-exec-2] c.m.TodoApplication.service.UserService  : Data fetched successfully
2025-07-09T00:02:07.690+05:30 DEBUG 20568 --- [TodoApplication] [http-nio-8080-exec-2] org.hibernate.SQL                        : select t1_0.user_id,t1_0.id,t1_0.description,t1_0.status from todo t1_0 where t1_0.user_id=?
2025-07-09T00:02:07.692+05:30 DEBUG 20568 --- [TodoApplication] [http-nio-8080-exec-2] org.hibernate.SQL                        : select t1_0.user_id,t1_0.id,t1_0.description,t1_0.status from todo t1_0 where t1_0.user_id=?
2025-07-09T00:02:07.693+05:30 DEBUG 20568 --- [TodoApplication] [http-nio-8080-exec-2] org.hibernate.SQL                        : select t1_0.user_id,t1_0.id,t1_0.description,t1_0.status from todo t1_0 where t1_0.user_id=?
2025-07-09T00:02:07.695+05:30 DEBUG 20568 --- [TodoApplication] [http-nio-8080-exec-2] org.hibernate.SQL                        : select t1_0.user_id,t1_0.id,t1_0.description,t1_0.status from todo t1_0 where t1_0.user_id=?
2025-07-09T00:02:07.697+05:30 DEBUG 20568 --- [TodoApplication] [http-nio-8080-exec-2] org.hibernate.SQL                        : select t1_0.user_id,t1_0.id,t1_0.description,t1_0.status from todo t1_0 where t1_0.user_id=?
2025-07-09T00:02:07.698+05:30 DEBUG 20568 --- [TodoApplication] [http-nio-8080-exec-2] org.hibernate.SQL                        : select t1_0.user_id,t1_0.id,t1_0.description,t1_0.status from todo t1_0 where t1_0.user_id=?
2025-07-09T00:02:07.699+05:30 DEBUG 20568 --- [TodoApplication] [http-nio-8080-exec-2] org.hibernate.SQL                        : select t1_0.user_id,t1_0.id,t1_0.description,t1_0.status from todo t1_0 where t1_0.user_id=?
2025-07-09T00:02:11.466+05:30 DEBUG 20568 --- [TodoApplication] [http-nio-8080-exec-4] org.hibernate.SQL                        : select ue1_0.id,ue1_0.password,ue1_0.user_name from user ue1_0
2025-07-09T00:02:11.469+05:30  INFO 20568 --- [TodoApplication] [http-nio-8080-exec-4] c.m.TodoApplication.service.UserService  : Data fetched successfully
2025-07-09T00:02:11.470+05:30 DEBUG 20568 --- [TodoApplication] [http-nio-8080-exec-4] org.hibernate.SQL                        : select t1_0.user_id,t1_0.id,t1_0.description,t1_0.status from todo t1_0 where t1_0.user_id=?
2025-07-09T00:02:11.472+05:30 DEBUG 20568 --- [TodoApplication] [http-nio-8080-exec-4] org.hibernate.SQL                        : select t1_0.user_id,t1_0.id,t1_0.description,t1_0.status from todo t1_0 where t1_0.user_id=?
2025-07-09T00:02:11.473+05:30 DEBUG 20568 --- [TodoApplication] [http-nio-8080-exec-4] org.hibernate.SQL                        : select t1_0.user_id,t1_0.id,t1_0.description,t1_0.status from todo t1_0 where t1_0.user_id=?
2025-07-09T00:02:11.474+05:30 DEBUG 20568 --- [TodoApplication] [http-nio-8080-exec-4] org.hibernate.SQL                        : select t1_0.user_id,t1_0.id,t1_0.description,t1_0.status from todo t1_0 where t1_0.user_id=?
2025-07-09T00:02:11.475+05:30 DEBUG 20568 --- [TodoApplication] [http-nio-8080-exec-4] org.hibernate.SQL                        : select t1_0.user_id,t1_0.id,t1_0.description,t1_0.status from todo t1_0 where t1_0.user_id=?
2025-07-09T00:02:11.477+05:30 DEBUG 20568 --- [TodoApplication] [http-nio-8080-exec-4] org.hibernate.SQL                        : select t1_0.user_id,t1_0.id,t1_0.description,t1_0.status from todo t1_0 where t1_0.user_id=?
2025-07-09T00:02:11.479+05:30 DEBUG 20568 --- [TodoApplication] [http-nio-8080-exec-4] org.hibernate.SQL                        : select t1_0.user_id,t1_0.id,t1_0.description,t1_0.status from todo t1_0 where t1_0.user_id=?
2025-07-09T00:03:49.789+05:30 DEBUG 20568 --- [TodoApplication] [http-nio-8080-exec-6] org.hibernate.SQL                        : select ue1_0.id,ue1_0.password,ue1_0.user_name from user ue1_0
2025-07-09T00:03:49.795+05:30  INFO 20568 --- [TodoApplication] [http-nio-8080-exec-6] c.m.TodoApplication.service.UserService  : Data fetched successfully
2025-07-09T00:03:49.812+05:30 DEBUG 20568 --- [TodoApplication] [http-nio-8080-exec-6] org.hibernate.SQL                        : select t1_0.user_id,t1_0.id,t1_0.description,t1_0.status from todo t1_0 where t1_0.user_id=?
2025-07-09T00:03:49.815+05:30 DEBUG 20568 --- [TodoApplication] [http-nio-8080-exec-6] org.hibernate.SQL                        : select t1_0.user_id,t1_0.id,t1_0.description,t1_0.status from todo t1_0 where t1_0.user_id=?
2025-07-09T00:03:49.818+05:30 DEBUG 20568 --- [TodoApplication] [http-nio-8080-exec-6] org.hibernate.SQL                        : select t1_0.user_id,t1_0.id,t1_0.description,t1_0.status from todo t1_0 where t1_0.user_id=?
2025-07-09T00:03:49.820+05:30 DEBUG 20568 --- [TodoApplication] [http-nio-8080-exec-6] org.hibernate.SQL                        : select t1_0.user_id,t1_0.id,t1_0.description,t1_0.status from todo t1_0 where t1_0.user_id=?
2025-07-09T00:03:49.822+05:30 DEBUG 20568 --- [TodoApplication] [http-nio-8080-exec-6] org.hibernate.SQL                        : select t1_0.user_id,t1_0.id,t1_0.description,t1_0.status from todo t1_0 where t1_0.user_id=?
2025-07-09T00:03:49.826+05:30 DEBUG 20568 --- [TodoApplication] [http-nio-8080-exec-6] org.hibernate.SQL                        : select t1_0.user_id,t1_0.id,t1_0.description,t1_0.status from todo t1_0 where t1_0.user_id=?
2025-07-09T00:03:49.831+05:30 DEBUG 20568 --- [TodoApplication] [http-nio-8080-exec-6] org.hibernate.SQL                        : select t1_0.user_id,t1_0.id,t1_0.description,t1_0.status from todo t1_0 where t1_0.user_id=?
2025-07-09T00:04:37.708+05:30 DEBUG 20568 --- [TodoApplication] [http-nio-8080-exec-8] org.hibernate.SQL                        : select ue1_0.id,ue1_0.password,ue1_0.user_name from user ue1_0
2025-07-09T00:04:37.713+05:30  INFO 20568 --- [TodoApplication] [http-nio-8080-exec-8] c.m.TodoApplication.service.UserService  : Data fetched successfully
2025-07-09T00:04:37.714+05:30 DEBUG 20568 --- [TodoApplication] [http-nio-8080-exec-8] org.hibernate.SQL                        : select t1_0.user_id,t1_0.id,t1_0.description,t1_0.status from todo t1_0 where t1_0.user_id=?
2025-07-09T00:04:37.720+05:30 DEBUG 20568 --- [TodoApplication] [http-nio-8080-exec-8] org.hibernate.SQL                        : select t1_0.user_id,t1_0.id,t1_0.description,t1_0.status from todo t1_0 where t1_0.user_id=?
2025-07-09T00:04:37.722+05:30 DEBUG 20568 --- [TodoApplication] [http-nio-8080-exec-8] org.hibernate.SQL                        : select t1_0.user_id,t1_0.id,t1_0.description,t1_0.status from todo t1_0 where t1_0.user_id=?
2025-07-09T00:04:37.724+05:30 DEBUG 20568 --- [TodoApplication] [http-nio-8080-exec-8] org.hibernate.SQL                        : select t1_0.user_id,t1_0.id,t1_0.description,t1_0.status from todo t1_0 where t1_0.user_id=?
2025-07-09T00:04:37.725+05:30 DEBUG 20568 --- [TodoApplication] [http-nio-8080-exec-8] org.hibernate.SQL                        : select t1_0.user_id,t1_0.id,t1_0.description,t1_0.status from todo t1_0 where t1_0.user_id=?
2025-07-09T00:04:37.727+05:30 DEBUG 20568 --- [TodoApplication] [http-nio-8080-exec-8] org.hibernate.SQL                        : select t1_0.user_id,t1_0.id,t1_0.description,t1_0.status from todo t1_0 where t1_0.user_id=?
2025-07-09T00:04:37.727+05:30 DEBUG 20568 --- [TodoApplication] [http-nio-8080-exec-8] org.hibernate.SQL                        : select t1_0.user_id,t1_0.id,t1_0.description,t1_0.status from todo t1_0 where t1_0.user_id=?
2025-07-09T00:04:40.903+05:30 DEBUG 20568 --- [TodoApplication] [http-nio-8080-exec-10] org.hibernate.SQL                        : select ue1_0.id,ue1_0.password,ue1_0.user_name from user ue1_0
2025-07-09T00:04:40.907+05:30  INFO 20568 --- [TodoApplication] [http-nio-8080-exec-10] c.m.TodoApplication.service.UserService  : Data fetched successfully
2025-07-09T00:04:40.910+05:30 DEBUG 20568 --- [TodoApplication] [http-nio-8080-exec-10] org.hibernate.SQL                        : select t1_0.user_id,t1_0.id,t1_0.description,t1_0.status from todo t1_0 where t1_0.user_id=?
2025-07-09T00:04:40.912+05:30 DEBUG 20568 --- [TodoApplication] [http-nio-8080-exec-10] org.hibernate.SQL                        : select t1_0.user_id,t1_0.id,t1_0.description,t1_0.status from todo t1_0 where t1_0.user_id=?
2025-07-09T00:04:40.914+05:30 DEBUG 20568 --- [TodoApplication] [http-nio-8080-exec-10] org.hibernate.SQL                        : select t1_0.user_id,t1_0.id,t1_0.description,t1_0.status from todo t1_0 where t1_0.user_id=?
2025-07-09T00:04:40.916+05:30 DEBUG 20568 --- [TodoApplication] [http-nio-8080-exec-10] org.hibernate.SQL                        : select t1_0.user_id,t1_0.id,t1_0.description,t1_0.status from todo t1_0 where t1_0.user_id=?
2025-07-09T00:04:40.918+05:30 DEBUG 20568 --- [TodoApplication] [http-nio-8080-exec-10] org.hibernate.SQL                        : select t1_0.user_id,t1_0.id,t1_0.description,t1_0.status from todo t1_0 where t1_0.user_id=?
2025-07-09T00:04:40.919+05:30 DEBUG 20568 --- [TodoApplication] [http-nio-8080-exec-10] org.hibernate.SQL                        : select t1_0.user_id,t1_0.id,t1_0.description,t1_0.status from todo t1_0 where t1_0.user_id=?
2025-07-09T00:04:40.922+05:30 DEBUG 20568 --- [TodoApplication] [http-nio-8080-exec-10] org.hibernate.SQL                        : select t1_0.user_id,t1_0.id,t1_0.description,t1_0.status from todo t1_0 where t1_0.user_id=?
2025-07-09T00:04:48.969+05:30 DEBUG 20568 --- [TodoApplication] [http-nio-8080-exec-1] org.hibernate.SQL                        : select ue1_0.id,ue1_0.password,ue1_0.user_name from user ue1_0
2025-07-09T00:04:48.974+05:30  INFO 20568 --- [TodoApplication] [http-nio-8080-exec-1] c.m.TodoApplication.service.UserService  : Data fetched successfully
2025-07-09T00:04:48.977+05:30 DEBUG 20568 --- [TodoApplication] [http-nio-8080-exec-1] org.hibernate.SQL                        : select t1_0.user_id,t1_0.id,t1_0.description,t1_0.status from todo t1_0 where t1_0.user_id=?
2025-07-09T00:04:48.982+05:30 DEBUG 20568 --- [TodoApplication] [http-nio-8080-exec-1] org.hibernate.SQL                        : select t1_0.user_id,t1_0.id,t1_0.description,t1_0.status from todo t1_0 where t1_0.user_id=?
2025-07-09T00:04:48.986+05:30 DEBUG 20568 --- [TodoApplication] [http-nio-8080-exec-1] org.hibernate.SQL                        : select t1_0.user_id,t1_0.id,t1_0.description,t1_0.status from todo t1_0 where t1_0.user_id=?
2025-07-09T00:04:48.991+05:30 DEBUG 20568 --- [TodoApplication] [http-nio-8080-exec-1] org.hibernate.SQL                        : select t1_0.user_id,t1_0.id,t1_0.description,t1_0.status from todo t1_0 where t1_0.user_id=?
2025-07-09T00:04:48.995+05:30 DEBUG 20568 --- [TodoApplication] [http-nio-8080-exec-1] org.hibernate.SQL                        : select t1_0.user_id,t1_0.id,t1_0.description,t1_0.status from todo t1_0 where t1_0.user_id=?
2025-07-09T00:04:48.999+05:30 DEBUG 20568 --- [TodoApplication] [http-nio-8080-exec-1] org.hibernate.SQL                        : select t1_0.user_id,t1_0.id,t1_0.description,t1_0.status from todo t1_0 where t1_0.user_id=?
2025-07-09T00:04:49.005+05:30 DEBUG 20568 --- [TodoApplication] [http-nio-8080-exec-1] org.hibernate.SQL                        : select t1_0.user_id,t1_0.id,t1_0.description,t1_0.status from todo t1_0 where t1_0.user_id=?
2025-07-09T00:05:37.042+05:30 DEBUG 20568 --- [TodoApplication] [http-nio-8080-exec-2] org.hibernate.SQL                        : select ue1_0.id,ue1_0.password,ue1_0.user_name from user ue1_0
2025-07-09T00:05:37.047+05:30  INFO 20568 --- [TodoApplication] [http-nio-8080-exec-2] c.m.TodoApplication.service.UserService  : Data fetched successfully
2025-07-09T00:05:37.049+05:30 DEBUG 20568 --- [TodoApplication] [http-nio-8080-exec-2] org.hibernate.SQL                        : select t1_0.user_id,t1_0.id,t1_0.description,t1_0.status from todo t1_0 where t1_0.user_id=?
2025-07-09T00:05:37.051+05:30 DEBUG 20568 --- [TodoApplication] [http-nio-8080-exec-2] org.hibernate.SQL                        : select t1_0.user_id,t1_0.id,t1_0.description,t1_0.status from todo t1_0 where t1_0.user_id=?
2025-07-09T00:05:37.053+05:30 DEBUG 20568 --- [TodoApplication] [http-nio-8080-exec-2] org.hibernate.SQL                        : select t1_0.user_id,t1_0.id,t1_0.description,t1_0.status from todo t1_0 where t1_0.user_id=?
2025-07-09T00:05:37.054+05:30 DEBUG 20568 --- [TodoApplication] [http-nio-8080-exec-2] org.hibernate.SQL                        : select t1_0.user_id,t1_0.id,t1_0.description,t1_0.status from todo t1_0 where t1_0.user_id=?
2025-07-09T00:05:37.058+05:30 DEBUG 20568 --- [TodoApplication] [http-nio-8080-exec-2] org.hibernate.SQL                        : select t1_0.user_id,t1_0.id,t1_0.description,t1_0.status from todo t1_0 where t1_0.user_id=?
2025-07-09T00:05:37.061+05:30 DEBUG 20568 --- [TodoApplication] [http-nio-8080-exec-2] org.hibernate.SQL                        : select t1_0.user_id,t1_0.id,t1_0.description,t1_0.status from todo t1_0 where t1_0.user_id=?
2025-07-09T00:05:37.063+05:30 DEBUG 20568 --- [TodoApplication] [http-nio-8080-exec-2] org.hibernate.SQL                        : select t1_0.user_id,t1_0.id,t1_0.description,t1_0.status from todo t1_0 where t1_0.user_id=?
2025-07-09T00:05:39.042+05:30 DEBUG 20568 --- [TodoApplication] [http-nio-8080-exec-4] org.hibernate.SQL                        : select ue1_0.id,ue1_0.password,ue1_0.user_name from user ue1_0
2025-07-09T00:05:39.047+05:30  INFO 20568 --- [TodoApplication] [http-nio-8080-exec-4] c.m.TodoApplication.service.UserService  : Data fetched successfully
2025-07-09T00:05:39.048+05:30 DEBUG 20568 --- [TodoApplication] [http-nio-8080-exec-4] org.hibernate.SQL                        : select t1_0.user_id,t1_0.id,t1_0.description,t1_0.status from todo t1_0 where t1_0.user_id=?
2025-07-09T00:05:39.051+05:30 DEBUG 20568 --- [TodoApplication] [http-nio-8080-exec-4] org.hibernate.SQL                        : select t1_0.user_id,t1_0.id,t1_0.description,t1_0.status from todo t1_0 where t1_0.user_id=?
2025-07-09T00:05:39.053+05:30 DEBUG 20568 --- [TodoApplication] [http-nio-8080-exec-4] org.hibernate.SQL                        : select t1_0.user_id,t1_0.id,t1_0.description,t1_0.status from todo t1_0 where t1_0.user_id=?
2025-07-09T00:05:39.053+05:30 DEBUG 20568 --- [TodoApplication] [http-nio-8080-exec-4] org.hibernate.SQL                        : select t1_0.user_id,t1_0.id,t1_0.description,t1_0.status from todo t1_0 where t1_0.user_id=?
2025-07-09T00:05:39.054+05:30 DEBUG 20568 --- [TodoApplication] [http-nio-8080-exec-4] org.hibernate.SQL                        : select t1_0.user_id,t1_0.id,t1_0.description,t1_0.status from todo t1_0 where t1_0.user_id=?
2025-07-09T00:05:39.055+05:30 DEBUG 20568 --- [TodoApplication] [http-nio-8080-exec-4] org.hibernate.SQL                        : select t1_0.user_id,t1_0.id,t1_0.description,t1_0.status from todo t1_0 where t1_0.user_id=?
2025-07-09T00:05:39.056+05:30 DEBUG 20568 --- [TodoApplication] [http-nio-8080-exec-4] org.hibernate.SQL                        : select t1_0.user_id,t1_0.id,t1_0.description,t1_0.status from todo t1_0 where t1_0.user_id=?
2025-07-09T00:05:46.052+05:30 DEBUG 20568 --- [TodoApplication] [http-nio-8080-exec-6] org.hibernate.SQL                        : select ue1_0.id,ue1_0.password,ue1_0.user_name from user ue1_0
2025-07-09T00:05:46.055+05:30  INFO 20568 --- [TodoApplication] [http-nio-8080-exec-6] c.m.TodoApplication.service.UserService  : Data fetched successfully
2025-07-09T00:05:46.056+05:30 DEBUG 20568 --- [TodoApplication] [http-nio-8080-exec-6] org.hibernate.SQL                        : select t1_0.user_id,t1_0.id,t1_0.description,t1_0.status from todo t1_0 where t1_0.user_id=?
2025-07-09T00:05:46.060+05:30 DEBUG 20568 --- [TodoApplication] [http-nio-8080-exec-6] org.hibernate.SQL                        : select t1_0.user_id,t1_0.id,t1_0.description,t1_0.status from todo t1_0 where t1_0.user_id=?
2025-07-09T00:05:46.064+05:30 DEBUG 20568 --- [TodoApplication] [http-nio-8080-exec-6] org.hibernate.SQL                        : select t1_0.user_id,t1_0.id,t1_0.description,t1_0.status from todo t1_0 where t1_0.user_id=?
2025-07-09T00:05:46.075+05:30 DEBUG 20568 --- [TodoApplication] [http-nio-8080-exec-6] org.hibernate.SQL                        : select t1_0.user_id,t1_0.id,t1_0.description,t1_0.status from todo t1_0 where t1_0.user_id=?
2025-07-09T00:05:46.078+05:30 DEBUG 20568 --- [TodoApplication] [http-nio-8080-exec-6] org.hibernate.SQL                        : select t1_0.user_id,t1_0.id,t1_0.description,t1_0.status from todo t1_0 where t1_0.user_id=?
2025-07-09T00:05:46.081+05:30 DEBUG 20568 --- [TodoApplication] [http-nio-8080-exec-6] org.hibernate.SQL                        : select t1_0.user_id,t1_0.id,t1_0.description,t1_0.status from todo t1_0 where t1_0.user_id=?
2025-07-09T00:05:46.084+05:30 DEBUG 20568 --- [TodoApplication] [http-nio-8080-exec-6] org.hibernate.SQL                        : select t1_0.user_id,t1_0.id,t1_0.description,t1_0.status from todo t1_0 where t1_0.user_id=?
2025-07-09T00:05:54.804+05:30 DEBUG 20568 --- [TodoApplication] [http-nio-8080-exec-7] org.hibernate.SQL                        : select ue1_0.id,ue1_0.password,ue1_0.user_name from user ue1_0
2025-07-09T00:05:54.813+05:30  INFO 20568 --- [TodoApplication] [http-nio-8080-exec-7] c.m.TodoApplication.service.UserService  : Data fetched successfully
2025-07-09T00:05:54.814+05:30 DEBUG 20568 --- [TodoApplication] [http-nio-8080-exec-7] org.hibernate.SQL                        : select t1_0.user_id,t1_0.id,t1_0.description,t1_0.status from todo t1_0 where t1_0.user_id=?
2025-07-09T00:05:54.816+05:30 DEBUG 20568 --- [TodoApplication] [http-nio-8080-exec-7] org.hibernate.SQL                        : select t1_0.user_id,t1_0.id,t1_0.description,t1_0.status from todo t1_0 where t1_0.user_id=?
2025-07-09T00:05:54.820+05:30 DEBUG 20568 --- [TodoApplication] [http-nio-8080-exec-7] org.hibernate.SQL                        : select t1_0.user_id,t1_0.id,t1_0.description,t1_0.status from todo t1_0 where t1_0.user_id=?
2025-07-09T00:05:54.831+05:30 DEBUG 20568 --- [TodoApplication] [http-nio-8080-exec-7] org.hibernate.SQL                        : select t1_0.user_id,t1_0.id,t1_0.description,t1_0.status from todo t1_0 where t1_0.user_id=?
2025-07-09T00:05:54.833+05:30 DEBUG 20568 --- [TodoApplication] [http-nio-8080-exec-7] org.hibernate.SQL                        : select t1_0.user_id,t1_0.id,t1_0.description,t1_0.status from todo t1_0 where t1_0.user_id=?
2025-07-09T00:05:54.834+05:30 DEBUG 20568 --- [TodoApplication] [http-nio-8080-exec-7] org.hibernate.SQL                        : select t1_0.user_id,t1_0.id,t1_0.description,t1_0.status from todo t1_0 where t1_0.user_id=?
2025-07-09T00:05:54.836+05:30 DEBUG 20568 --- [TodoApplication] [http-nio-8080-exec-7] org.hibernate.SQL                        : select t1_0.user_id,t1_0.id,t1_0.description,t1_0.status from todo t1_0 where t1_0.user_id=?
2025-07-09T00:06:03.220+05:30 DEBUG 20568 --- [TodoApplication] [http-nio-8080-exec-10] org.hibernate.SQL                        : select ue1_0.id,ue1_0.password,ue1_0.user_name from user ue1_0
2025-07-09T00:06:03.224+05:30  INFO 20568 --- [TodoApplication] [http-nio-8080-exec-10] c.m.TodoApplication.service.UserService  : Data fetched successfully
2025-07-09T00:06:03.226+05:30 DEBUG 20568 --- [TodoApplication] [http-nio-8080-exec-10] org.hibernate.SQL                        : select t1_0.user_id,t1_0.id,t1_0.description,t1_0.status from todo t1_0 where t1_0.user_id=?
2025-07-09T00:06:03.229+05:30 DEBUG 20568 --- [TodoApplication] [http-nio-8080-exec-10] org.hibernate.SQL                        : select t1_0.user_id,t1_0.id,t1_0.description,t1_0.status from todo t1_0 where t1_0.user_id=?
2025-07-09T00:06:03.230+05:30 DEBUG 20568 --- [TodoApplication] [http-nio-8080-exec-10] org.hibernate.SQL                        : select t1_0.user_id,t1_0.id,t1_0.description,t1_0.status from todo t1_0 where t1_0.user_id=?
2025-07-09T00:06:03.234+05:30 DEBUG 20568 --- [TodoApplication] [http-nio-8080-exec-10] org.hibernate.SQL                        : select t1_0.user_id,t1_0.id,t1_0.description,t1_0.status from todo t1_0 where t1_0.user_id=?
2025-07-09T00:06:03.236+05:30 DEBUG 20568 --- [TodoApplication] [http-nio-8080-exec-10] org.hibernate.SQL                        : select t1_0.user_id,t1_0.id,t1_0.description,t1_0.status from todo t1_0 where t1_0.user_id=?
2025-07-09T00:06:03.237+05:30 DEBUG 20568 --- [TodoApplication] [http-nio-8080-exec-10] org.hibernate.SQL                        : select t1_0.user_id,t1_0.id,t1_0.description,t1_0.status from todo t1_0 where t1_0.user_id=?
2025-07-09T00:06:03.238+05:30 DEBUG 20568 --- [TodoApplication] [http-nio-8080-exec-10] org.hibernate.SQL                        : select t1_0.user_id,t1_0.id,t1_0.description,t1_0.status from todo t1_0 where t1_0.user_id=?
2025-07-09T00:06:07.076+05:30 DEBUG 20568 --- [TodoApplication] [http-nio-8080-exec-1] org.hibernate.SQL                        : select ue1_0.id,ue1_0.password,ue1_0.user_name from user ue1_0
2025-07-09T00:06:07.080+05:30  INFO 20568 --- [TodoApplication] [http-nio-8080-exec-1] c.m.TodoApplication.service.UserService  : Data fetched successfully
2025-07-09T00:06:07.082+05:30 DEBUG 20568 --- [TodoApplication] [http-nio-8080-exec-1] org.hibernate.SQL                        : select t1_0.user_id,t1_0.id,t1_0.description,t1_0.status from todo t1_0 where t1_0.user_id=?
2025-07-09T00:06:07.084+05:30 DEBUG 20568 --- [TodoApplication] [http-nio-8080-exec-1] org.hibernate.SQL                        : select t1_0.user_id,t1_0.id,t1_0.description,t1_0.status from todo t1_0 where t1_0.user_id=?
2025-07-09T00:06:07.087+05:30 DEBUG 20568 --- [TodoApplication] [http-nio-8080-exec-1] org.hibernate.SQL                        : select t1_0.user_id,t1_0.id,t1_0.description,t1_0.status from todo t1_0 where t1_0.user_id=?
2025-07-09T00:06:07.089+05:30 DEBUG 20568 --- [TodoApplication] [http-nio-8080-exec-1] org.hibernate.SQL                        : select t1_0.user_id,t1_0.id,t1_0.description,t1_0.status from todo t1_0 where t1_0.user_id=?
2025-07-09T00:06:07.091+05:30 DEBUG 20568 --- [TodoApplication] [http-nio-8080-exec-1] org.hibernate.SQL                        : select t1_0.user_id,t1_0.id,t1_0.description,t1_0.status from todo t1_0 where t1_0.user_id=?
2025-07-09T00:06:07.092+05:30 DEBUG 20568 --- [TodoApplication] [http-nio-8080-exec-1] org.hibernate.SQL                        : select t1_0.user_id,t1_0.id,t1_0.description,t1_0.status from todo t1_0 where t1_0.user_id=?
2025-07-09T00:06:07.093+05:30 DEBUG 20568 --- [TodoApplication] [http-nio-8080-exec-1] org.hibernate.SQL                        : select t1_0.user_id,t1_0.id,t1_0.description,t1_0.status from todo t1_0 where t1_0.user_id=?
2025-07-09T00:23:37.548+05:30  INFO 20568 --- [TodoApplication] [SpringApplicationShutdownHook] o.s.b.w.e.tomcat.GracefulShutdown        : Commencing graceful shutdown. Waiting for active requests to complete
2025-07-09T00:23:37.672+05:30  INFO 20568 --- [TodoApplication] [tomcat-shutdown] o.s.b.w.e.tomcat.GracefulShutdown        : Graceful shutdown complete
2025-07-09T00:23:37.778+05:30  INFO 20568 --- [TodoApplication] [SpringApplicationShutdownHook] j.LocalContainerEntityManagerFactoryBean : Closing JPA EntityManagerFactory for persistence unit 'default'
2025-07-09T00:23:37.890+05:30  INFO 20568 --- [TodoApplication] [SpringApplicationShutdownHook] com.zaxxer.hikari.HikariDataSource       : HikariPool-1 - Shutdown initiated...
2025-07-09T00:23:38.029+05:30  INFO 20568 --- [TodoApplication] [SpringApplicationShutdownHook] com.zaxxer.hikari.HikariDataSource       : HikariPool-1 - Shutdown completed.
